// Jest Snapshot v1, https://goo.gl/fbAQLP

exports[`RulesRendererImpl correctly renders a Security Rules generation 1`] = `
{
  "content": "rules_version = '2';
service cloud.firestore {
  function isValidUser(data) {
    return (
      (data is map) &&
      (data.keys().hasOnly(['username', 'role', 'path', 'pets', 'website_url', 'created_at'])) &&
      (data.username is string) &&
      ((data.role == 'owner') || (data.role == 'admin') || (data.role == 'member')) &&
      ((data.path is string) || (data.path is list)) &&
      (data.pets is list) &&
      ((data.website_url is string) || !('website_url' in data)) &&
      (data.created_at is timestamp)
    );
  }
}",
}
`;
