// Jest Snapshot v1, https://goo.gl/fbAQLP

exports[`PythonGeneratorImpl produces the correct generation for a flat schema 1`] = `
{
  "declarations": [
    {
      "modelName": "Username",
      "modelType": {
        "type": "str",
      },
      "type": "alias",
    },
    {
      "modelName": "UserRole",
      "modelType": {
        "attributes": [
          {
            "key": "ADMIN",
            "value": "admin",
          },
          {
            "key": "USER",
            "value": "user",
          },
          {
            "key": "GUEST",
            "value": "guest",
          },
        ],
        "type": "enum-class",
      },
      "type": "enum-class",
    },
    {
      "modelName": "Address",
      "modelType": {
        "attributes": [
          {
            "docs": undefined,
            "name": "street",
            "optional": false,
            "type": {
              "type": "str",
            },
          },
          {
            "docs": undefined,
            "name": "city",
            "optional": false,
            "type": {
              "type": "str",
            },
          },
          {
            "docs": undefined,
            "name": "zip_code",
            "optional": false,
            "type": {
              "type": "str",
            },
          },
        ],
        "type": "object-class",
      },
      "type": "pydantic-class",
    },
    {
      "modelName": "Cat",
      "modelType": {
        "attributes": [
          {
            "docs": undefined,
            "name": "type",
            "optional": false,
            "type": {
              "type": "literal",
              "value": "cat",
            },
          },
          {
            "docs": undefined,
            "name": "name",
            "optional": false,
            "type": {
              "type": "str",
            },
          },
          {
            "docs": undefined,
            "name": "lives_left",
            "optional": false,
            "type": {
              "type": "int",
            },
          },
        ],
        "type": "object-class",
      },
      "type": "pydantic-class",
    },
    {
      "modelName": "Dog",
      "modelType": {
        "attributes": [
          {
            "docs": undefined,
            "name": "type",
            "optional": false,
            "type": {
              "type": "literal",
              "value": "dog",
            },
          },
          {
            "docs": undefined,
            "name": "name",
            "optional": false,
            "type": {
              "type": "str",
            },
          },
          {
            "docs": undefined,
            "name": "breed",
            "optional": false,
            "type": {
              "type": "str",
            },
          },
        ],
        "type": "object-class",
      },
      "type": "pydantic-class",
    },
    {
      "modelName": "Pet",
      "modelType": {
        "members": [
          {
            "name": "Cat",
            "type": "alias",
          },
          {
            "name": "Dog",
            "type": "alias",
          },
        ],
        "type": "union",
      },
      "type": "alias",
    },
    {
      "modelName": "UserProfile",
      "modelType": {
        "attributes": [
          {
            "docs": undefined,
            "name": "username",
            "optional": false,
            "type": {
              "name": "Username",
              "type": "alias",
            },
          },
          {
            "docs": undefined,
            "name": "age",
            "optional": false,
            "type": {
              "type": "int",
            },
          },
          {
            "docs": undefined,
            "name": "is_active",
            "optional": false,
            "type": {
              "type": "bool",
            },
          },
          {
            "docs": undefined,
            "name": "role",
            "optional": false,
            "type": {
              "name": "UserRole",
              "type": "alias",
            },
          },
          {
            "docs": undefined,
            "name": "created_at",
            "optional": true,
            "type": {
              "type": "datetime",
            },
          },
          {
            "docs": undefined,
            "name": "location",
            "optional": false,
            "type": {
              "type": "tuple",
              "values": [
                {
                  "type": "int",
                },
                {
                  "type": "int",
                },
              ],
            },
          },
          {
            "docs": undefined,
            "name": "address",
            "optional": false,
            "type": {
              "name": "Address",
              "type": "alias",
            },
          },
          {
            "docs": undefined,
            "name": "favorite_numbers",
            "optional": false,
            "type": {
              "of": {
                "type": "int",
              },
              "type": "list",
            },
          },
          {
            "docs": undefined,
            "name": "pets",
            "optional": false,
            "type": {
              "of": {
                "name": "Pet",
                "type": "alias",
              },
              "type": "list",
            },
          },
          {
            "docs": undefined,
            "name": "bio",
            "optional": false,
            "type": {
              "members": [
                {
                  "type": "none",
                },
                {
                  "type": "str",
                },
              ],
              "type": "union",
            },
          },
          {
            "docs": undefined,
            "name": "area_code",
            "optional": false,
            "type": {
              "type": "literal",
              "value": 34,
            },
          },
        ],
        "type": "object-class",
      },
      "type": "pydantic-class",
    },
  ],
  "type": "python",
}
`;
