// Jest Snapshot v1, https://goo.gl/fbAQLP

exports[`SwiftRendererImpl correctly renders a Swift generation 1`] = `
{
  "content": "import Foundation

/// A string that uniquely identifies the user.
typealias Username = String

typealias UserMetadata = Any

/// A project within a workspace
struct Project: Codable {
    var name: String
    /// Whether the project is completed.
    var completed: Bool
}

",
}
`;
