// Jest Snapshot v1, https://goo.gl/fbAQLP

exports[`GraphRendererImpl correctly renders a Mermaid graph generation 1`] = `
{
  "content": "graph LR
    books --> generic_bookId[bookId]
    generic_bookId[bookId] --> reviews
    generic_bookId[bookId] --> chapters
    generic_bookId[bookId] --> translations
",
}
`;
