// Jest Snapshot v1, https://goo.gl/fbAQLP

exports[`TSGeneratorImpl produces the correct generation for a flat schema 1`] = `
{
  "declarations": [
    {
      "modelName": "Username",
      "modelType": StringType {
        "expression": {
          "content": "string",
        },
        "type": "string",
      },
      "type": "alias",
    },
    {
      "modelName": "UserRole",
      "modelType": EnumType {
        "items": [
          {
            "label": "ADMIN",
            "value": "admin",
          },
          {
            "label": "USER",
            "value": "user",
          },
          {
            "label": "GUEST",
            "value": "guest",
          },
        ],
        "type": "enum",
      },
      "type": "alias",
    },
    {
      "modelName": "Address",
      "modelType": ObjectType {
        "fields": [
          FieldType {
            "docs": undefined,
            "name": "street",
            "optional": false,
            "type": StringType {
              "expression": {
                "content": "string",
              },
              "type": "string",
            },
          },
          FieldType {
            "docs": undefined,
            "name": "city",
            "optional": false,
            "type": StringType {
              "expression": {
                "content": "string",
              },
              "type": "string",
            },
          },
          FieldType {
            "docs": undefined,
            "name": "zip_code",
            "optional": false,
            "type": StringType {
              "expression": {
                "content": "string",
              },
              "type": "string",
            },
          },
        ],
        "type": "object",
      },
      "type": "alias",
    },
    {
      "modelName": "Cat",
      "modelType": ObjectType {
        "fields": [
          FieldType {
            "docs": undefined,
            "name": "type",
            "optional": false,
            "type": LiteralType {
              "type": "literal",
              "value": "cat",
            },
          },
          FieldType {
            "docs": undefined,
            "name": "name",
            "optional": false,
            "type": StringType {
              "expression": {
                "content": "string",
              },
              "type": "string",
            },
          },
          FieldType {
            "docs": undefined,
            "name": "lives_left",
            "optional": false,
            "type": NumberType {
              "expression": {
                "content": "number",
              },
              "type": "number",
            },
          },
        ],
        "type": "object",
      },
      "type": "alias",
    },
    {
      "modelName": "Dog",
      "modelType": ObjectType {
        "fields": [
          FieldType {
            "docs": undefined,
            "name": "type",
            "optional": false,
            "type": LiteralType {
              "type": "literal",
              "value": "dog",
            },
          },
          FieldType {
            "docs": undefined,
            "name": "name",
            "optional": false,
            "type": StringType {
              "expression": {
                "content": "string",
              },
              "type": "string",
            },
          },
          FieldType {
            "docs": undefined,
            "name": "breed",
            "optional": false,
            "type": StringType {
              "expression": {
                "content": "string",
              },
              "type": "string",
            },
          },
        ],
        "type": "object",
      },
      "type": "alias",
    },
    {
      "modelName": "Pet",
      "modelType": UnionType {
        "members": [
          AliasType {
            "name": "Cat",
            "type": "alias",
          },
          AliasType {
            "name": "Dog",
            "type": "alias",
          },
        ],
        "type": "union",
      },
      "type": "alias",
    },
    {
      "modelName": "UserProfile",
      "modelType": ObjectType {
        "fields": [
          FieldType {
            "docs": undefined,
            "name": "username",
            "optional": false,
            "type": AliasType {
              "name": "Username",
              "type": "alias",
            },
          },
          FieldType {
            "docs": undefined,
            "name": "age",
            "optional": false,
            "type": NumberType {
              "expression": {
                "content": "number",
              },
              "type": "number",
            },
          },
          FieldType {
            "docs": undefined,
            "name": "is_active",
            "optional": false,
            "type": BooleanType {
              "expression": {
                "content": "boolean",
              },
              "type": "boolean",
            },
          },
          FieldType {
            "docs": undefined,
            "name": "role",
            "optional": false,
            "type": AliasType {
              "name": "UserRole",
              "type": "alias",
            },
          },
          FieldType {
            "docs": undefined,
            "name": "created_at",
            "optional": true,
            "type": TimestampType {
              "expression": {
                "content": "firestore.Timestamp",
              },
              "type": "timestamp",
            },
          },
          FieldType {
            "docs": undefined,
            "name": "location",
            "optional": false,
            "type": TupleType {
              "type": "tuple",
              "values": [
                NumberType {
                  "expression": {
                    "content": "number",
                  },
                  "type": "number",
                },
                NumberType {
                  "expression": {
                    "content": "number",
                  },
                  "type": "number",
                },
              ],
            },
          },
          FieldType {
            "docs": undefined,
            "name": "address",
            "optional": false,
            "type": AliasType {
              "name": "Address",
              "type": "alias",
            },
          },
          FieldType {
            "docs": undefined,
            "name": "favorite_numbers",
            "optional": false,
            "type": ListType {
              "of": NumberType {
                "expression": {
                  "content": "number",
                },
                "type": "number",
              },
              "type": "list",
            },
          },
          FieldType {
            "docs": undefined,
            "name": "pets",
            "optional": false,
            "type": ListType {
              "of": AliasType {
                "name": "Pet",
                "type": "alias",
              },
              "type": "list",
            },
          },
          FieldType {
            "docs": undefined,
            "name": "bio",
            "optional": false,
            "type": UnionType {
              "members": [
                NullType {
                  "expression": {
                    "content": "null",
                  },
                  "type": "null",
                },
                StringType {
                  "expression": {
                    "content": "string",
                  },
                  "type": "string",
                },
              ],
              "type": "union",
            },
          },
          FieldType {
            "docs": undefined,
            "name": "area_code",
            "optional": false,
            "type": LiteralType {
              "type": "literal",
              "value": 34,
            },
          },
        ],
        "type": "object",
      },
      "type": "interface",
    },
  ],
  "type": "ts",
}
`;
