// Jest Snapshot v1, https://goo.gl/fbAQLP

exports[`TSGeneratorImpl produces the correct generation for a flat schema 1`] = `
{
  "declarations": [
    {
      "modelName": "Username",
      "modelType": {
        "type": "string",
      },
      "type": "alias",
    },
    {
      "modelName": "UserRole",
      "modelType": {
        "items": [
          {
            "label": "ADMIN",
            "value": "admin",
          },
          {
            "label": "USER",
            "value": "user",
          },
          {
            "label": "GUEST",
            "value": "guest",
          },
        ],
        "type": "enum",
      },
      "type": "alias",
    },
    {
      "modelName": "Address",
      "modelType": {
        "properties": [
          {
            "docs": undefined,
            "name": "street",
            "optional": false,
            "type": {
              "type": "string",
            },
          },
          {
            "docs": undefined,
            "name": "city",
            "optional": false,
            "type": {
              "type": "string",
            },
          },
          {
            "docs": undefined,
            "name": "zip_code",
            "optional": false,
            "type": {
              "type": "string",
            },
          },
        ],
        "type": "object",
      },
      "type": "alias",
    },
    {
      "modelName": "Cat",
      "modelType": {
        "properties": [
          {
            "docs": undefined,
            "name": "type",
            "optional": false,
            "type": {
              "type": "literal",
              "value": "cat",
            },
          },
          {
            "docs": undefined,
            "name": "name",
            "optional": false,
            "type": {
              "type": "string",
            },
          },
          {
            "docs": undefined,
            "name": "lives_left",
            "optional": false,
            "type": {
              "type": "number",
            },
          },
        ],
        "type": "object",
      },
      "type": "alias",
    },
    {
      "modelName": "Dog",
      "modelType": {
        "properties": [
          {
            "docs": undefined,
            "name": "type",
            "optional": false,
            "type": {
              "type": "literal",
              "value": "dog",
            },
          },
          {
            "docs": undefined,
            "name": "name",
            "optional": false,
            "type": {
              "type": "string",
            },
          },
          {
            "docs": undefined,
            "name": "breed",
            "optional": false,
            "type": {
              "type": "string",
            },
          },
        ],
        "type": "object",
      },
      "type": "alias",
    },
    {
      "modelName": "Pet",
      "modelType": {
        "members": [
          {
            "name": "Cat",
            "type": "alias",
          },
          {
            "name": "Dog",
            "type": "alias",
          },
        ],
        "type": "union",
      },
      "type": "alias",
    },
    {
      "modelName": "UserProfile",
      "modelType": {
        "properties": [
          {
            "docs": undefined,
            "name": "username",
            "optional": false,
            "type": {
              "name": "Username",
              "type": "alias",
            },
          },
          {
            "docs": undefined,
            "name": "age",
            "optional": false,
            "type": {
              "type": "number",
            },
          },
          {
            "docs": undefined,
            "name": "is_active",
            "optional": false,
            "type": {
              "type": "boolean",
            },
          },
          {
            "docs": undefined,
            "name": "role",
            "optional": false,
            "type": {
              "name": "UserRole",
              "type": "alias",
            },
          },
          {
            "docs": undefined,
            "name": "created_at",
            "optional": true,
            "type": {
              "type": "timestamp",
            },
          },
          {
            "docs": undefined,
            "name": "location",
            "optional": false,
            "type": {
              "type": "tuple",
              "values": [
                {
                  "type": "number",
                },
                {
                  "type": "number",
                },
              ],
            },
          },
          {
            "docs": undefined,
            "name": "address",
            "optional": false,
            "type": {
              "name": "Address",
              "type": "alias",
            },
          },
          {
            "docs": undefined,
            "name": "favorite_numbers",
            "optional": false,
            "type": {
              "of": {
                "type": "number",
              },
              "type": "list",
            },
          },
          {
            "docs": undefined,
            "name": "pets",
            "optional": false,
            "type": {
              "of": {
                "name": "Pet",
                "type": "alias",
              },
              "type": "list",
            },
          },
          {
            "docs": undefined,
            "name": "bio",
            "optional": false,
            "type": {
              "members": [
                {
                  "type": "null",
                },
                {
                  "type": "string",
                },
              ],
              "type": "union",
            },
          },
          {
            "docs": undefined,
            "name": "area_code",
            "optional": false,
            "type": {
              "type": "literal",
              "value": 34,
            },
          },
        ],
        "type": "object",
      },
      "type": "interface",
    },
  ],
  "type": "ts",
}
`;
